Hello World
Unauthorized change
